# Apply with kubectl once Cilium is installed — this section alone:
#   tbx manifests demo k8s | kubectl apply -f -
# LB reachability via L2 announcements (default mode).
apiVersion: cilium.io/v2
kind: CiliumLoadBalancerIPPool
metadata:
  name: demo-pool
spec:
  blocks:
    - start: 172.30.0.200
      stop: 172.30.0.239
---
apiVersion: cilium.io/v2alpha1
kind: CiliumL2AnnouncementPolicy
metadata:
  name: demo-l2
spec:
  loadBalancerIPs: true
  nodeSelector: {}
---
# Pass to Helm when installing Cilium — save this section alone:
#   tbx manifests demo cilium-values > cilium-values.yaml
ipam:
  mode: kubernetes
kubeProxyReplacement: true
k8sServiceHost: localhost
k8sServicePort: 7445
securityContext:
  capabilities:
    ciliumAgent:
      - CHOWN
      - KILL
      - NET_ADMIN
      - NET_RAW
      - IPC_LOCK
      - SYS_ADMIN
      - SYS_RESOURCE
      - DAC_OVERRIDE
      - FOWNER
      - SETGID
      - SETUID
    cleanCiliumState:
      - NET_ADMIN
      - SYS_ADMIN
      - SYS_RESOURCE
cgroup:
  autoMount:
    enabled: false
  hostRoot: /sys/fs/cgroup
l2announcements:
  enabled: true
bgpControlPlane:
  enabled: true
k8sClientRateLimit:
  qps: 10
  burst: 20
ingressController:
  enabled: true
  default: true
  loadbalancerMode: shared
  service:
    annotations:
      lbipam.cilium.io/ips: 172.30.0.200
---
# Apply with talosctl (machine config patches, e.g. talosctl patch mc -p @file) — this section alone:
#   tbx manifests demo talos
machine:
  registries:
    mirrors:
      "*":
        endpoints:
          - http://172.30.0.1:5059
        skipFallback: true
---
machine:
  kernel:
    modules:
      - name: virtio_balloon
---
machine:
  kubelet:
    extraMounts:
      - destination: /var/local-path-provisioner
        type: bind
        source: /var/local-path-provisioner
        options:
          - bind
          - rshared
          - rw
      - destination: /var/lib/longhorn
        type: bind
        source: /var/lib/longhorn
        options:
          - bind
          - rshared
          - rw
