apiVersion: cilium.io/v2
kind: CiliumBGPClusterConfig
metadata:
  name: demo-bgp
  annotations:
    talosbox.dev/announcement-owned: "talosbox"
spec:
  nodeSelector: {}
  bgpInstances:
    - name: demo-bgp
      localASN: 64600
      peers:
        - name: host-gateway
          peerASN: 64512
          peerAddress: 172.30.0.1
          peerConfigRef:
            name: demo-bgp-peer
---
apiVersion: cilium.io/v2
kind: CiliumBGPPeerConfig
metadata:
  name: demo-bgp-peer
  annotations:
    talosbox.dev/announcement-owned: "talosbox"
spec:
  families:
    - afi: ipv4
      safi: unicast
      advertisements:
        matchLabels:
          talosbox.dev/advertisement: service-load-balancer
---
apiVersion: cilium.io/v2
kind: CiliumBGPAdvertisement
metadata:
  name: demo-bgp-advertisement
  annotations:
    talosbox.dev/announcement-owned: "talosbox"
  labels:
    talosbox.dev/advertisement: service-load-balancer
spec:
  advertisements:
    - advertisementType: Service
      service:
        addresses:
          - LoadBalancerIP
      selector:
        matchExpressions:
          - key: talosbox.dev/never-used
            operator: NotIn
            values:
              - never
